[rank: 0] Seed set to 44
Traceback (most recent call last):
  File "/net/sys/pscst201/IT-ITVO-HPC@ada-nodes/guest/tza100/solar/TFT-solar-forecast/hpc/train_tft_hp.py", line 307, in <module>
    main()
  File "/net/sys/pscst201/IT-ITVO-HPC@ada-nodes/guest/tza100/solar/TFT-solar-forecast/hpc/train_tft_hp.py", line 269, in main
    train_df, val_df, target_mean, target_std = load_data(
                                                ^^^^^^^^^^
  File "/net/sys/pscst201/IT-ITVO-HPC@ada-nodes/guest/tza100/solar/TFT-solar-forecast/hpc/train_tft_hp.py", line 97, in load_data
    train_df = pd.read_csv(
               ^^^^^^^^^^^^
  File "/scistor/guest/tza100/solar-venv/lib/python3.11/site-packages/pandas/io/parsers/readers.py", line 873, in read_csv
    return _read(filepath_or_buffer, kwds)
           ^^^^^^^^^^^^^^^^^^^^^^^^^^^^^^^
  File "/scistor/guest/tza100/solar-venv/lib/python3.11/site-packages/pandas/io/parsers/readers.py", line 300, in _read
    parser = TextFileReader(filepath_or_buffer, **kwds)
             ^^^^^^^^^^^^^^^^^^^^^^^^^^^^^^^^^^^^^^^^^^
  File "/scistor/guest/tza100/solar-venv/lib/python3.11/site-packages/pandas/io/parsers/readers.py", line 1645, in __init__
    self._engine = self._make_engine(f, self.engine)
                   ^^^^^^^^^^^^^^^^^^^^^^^^^^^^^^^^^
  File "/scistor/guest/tza100/solar-venv/lib/python3.11/site-packages/pandas/io/parsers/readers.py", line 1904, in _make_engine
    self.handles = get_handle(
                   ^^^^^^^^^^^
  File "/scistor/guest/tza100/solar-venv/lib/python3.11/site-packages/pandas/io/common.py", line 926, in get_handle
    handle = open(
             ^^^^^
FileNotFoundError: [Errno 2] No such file or directory: '/net/sys/pscst201/IT-ITVO-HPC@ada-nodes/guest/tza100/solar/TFT-solar-forecast/caceres/data/nwp_train_processed.csv'
